***************************************************************************
*                       SPARC (version January 19, 2026)                 *
*   Copyright (c) 2020 Material Physics & Mechanics Group, Georgia Tech   *
*           Distributed under GNU General Public License 3 (GPL)          *
*                   Start time: Thu Aug  6 15:09:24 2026                  *
***************************************************************************
                           Input parameters                                
***************************************************************************
LATVEC_SCALE: 10.6066017177982 10.6066017177982 10.6066017177982 
LATVEC:
0.500000000000000 0.500000000000000 0.000000000000000 
0.000000000000000 0.500000000000000 0.500000000000000 
0.500000000000000 0.000000000000000 0.500000000000000 
FD_GRID: 14 14 14
FD_ORDER: 12
BC: P P P
KPOINT_GRID: 2 2 2
KPOINT_SHIFT: 0.5 0.5 0.5
SPIN_TYP: 0
ELEC_TEMP_TYPE: Fermi-Dirac
SMEARING: 0.001
EXCHANGE_CORRELATION: GGA_PBE
HUBBARD_FLAG: 0
NSTATES: 12
CHEB_DEGREE: 19
CHEFSI_BOUND_FLAG: 0
CALC_STRESS: 1
PLUMED_FLAG: 0
PLUMED_FILE: 
MAXIT_SCF: 100
MINIT_SCF: 2
MAXIT_POISSON: 3000
TOL_SCF: 1.00E-05
POISSON_SOLVER: AAR
TOL_POISSON: 1.00E-07
TOL_LANCZOS: 1.00E-02
TOL_PSEUDOCHARGE: 1.00E-08
MIXING_VARIABLE: density
MIXING_PRECOND: kerker
TOL_PRECOND: 2.87E-04
PRECOND_KERKER_KTF: 1
PRECOND_KERKER_THRESH: 0.1
MIXING_PARAMETER: 0.3
MIXING_HISTORY: 7
PULAY_FREQUENCY: 1
PULAY_RESTART: 0
REFERENCE_CUTOFF: 0.5
RHO_TRIGGER: 4
NUM_CHEFSI: 1
FIX_RAND: 0
VERBOSITY: 1
PRINT_FORCES: 1
PRINT_ATOMS: 1
PRINT_EIGEN: 1
PRINT_DENSITY: 1
PRINT_ORBITAL: 1 0 0 0 3 0 11
PRINT_ENERGY_DENSITY: 0
OUTPUT_FILE: Si2_nmag
***************************************************************************
                                Cell                                       
***************************************************************************
Lattice vectors (Bohr):
5.303300858899106 5.303300858899106 0.000000000000000 
0.000000000000000 5.303300858899106 5.303300858899106 
5.303300858899106 0.000000000000000 5.303300858899106 
Volume: 2.9831067331E+02 (Bohr^3)
Density: 1.8829698373E-01 (amu/Bohr^3), 2.1100320978E+00 (g/cc)
***************************************************************************
                           Parallelization                                 
***************************************************************************
NP_SPIN_PARAL: 1
NP_KPOINT_PARAL: 1
NP_BAND_PARAL: 1
NP_DOMAIN_PARAL: 1 1 1
NP_DOMAIN_PHI_PARAL: 1 1 1
EIG_SERIAL_MAXNS: 1500
***************************************************************************
                             Initialization                                
***************************************************************************
Number of processors               :  1
Mesh spacing                       :  0.535714 (Bohr)
Number of symmetry adapted k-points:  4
Output printed to                  :  Si2_nmag.out
Final eigenvalues printed to       :  Si2_nmag.eigen
Total number of atom types         :  1
Total number of atoms              :  2
Total number of electrons          :  8
Atom type 1  (valence electrons)   :  Si 4
Pseudopotential                    :  Si.psp8
Atomic mass                        :  28.0855
Pseudocharge radii of atom type 1  :  9.64 9.64 9.64 (x, y, z dir)
Number of atoms of type 1          :  2
Estimated total memory usage       :  6.18 MB
Estimated memory per processor     :  6.18 MB
===================================================================
                    Self Consistent Field (SCF#1)                     
===================================================================
Iteration     Free Energy (Ha/atom)   SCF Error        Timing (sec)
1            -4.2164628744E+00        1.913E-01        1.346
2            -4.2154245844E+00        1.438E-01        0.325
3            -4.2139226469E+00        1.504E-02        0.320
4            -4.2140358397E+00        7.268E-03        0.329
5            -4.2140713066E+00        1.442E-03        0.319
6            -4.2140740202E+00        4.598E-04        0.315
7            -4.2140740983E+00        1.095E-04        0.320
8            -4.2140741409E+00        2.198E-05        0.320
9            -4.2140741464E+00        1.744E-05        0.311
10           -4.2140741086E+00        4.478E-06        0.318
Total number of SCF: 10    
====================================================================
                    Energy and force calculation                    
====================================================================
Free energy per atom               : -4.2140741086E+00 (Ha/atom)
Total free energy                  : -8.4281482171E+00 (Ha)
Band structure energy              : -3.4599886869E-01 (Ha)
Exchange correlation energy        : -3.0179478199E+00 (Ha)
Self and correction energy         : -1.4378058852E+01 (Ha)
-Entropy*kb*T                      : -1.1347181559E-11 (Ha)
Fermi level                        :  1.6765045570E-01 (Ha)
RMS force                          :  3.7784102533E-03 (Ha/Bohr)
Maximum force                      :  3.7784102533E-03 (Ha/Bohr)
Time for force calculation         :  0.075 (sec)
Pressure                           : -5.6824841423E+00 (GPa)
Maximum stress                     :  5.6824843686E+00 (GPa)
Time for stress calculation        :  0.231 (sec)
***************************************************************************
                               Timing info                                 
***************************************************************************
Total walltime                     :  4.958 sec
___________________________________________________________________________

***************************************************************************
*             Material Physics & Mechanics Group, Georgia Tech            *
*                       PI: Phanish Suryanarayana                         *
*               List of contributors: See the documentation               *
*         Citation: See README.md or the documentation for details        *
*  Acknowledgements: U.S. DOE SC (DE-SC0019410), U.S. DOE NNSA (ASC)      *
*      {Preliminary developments: U.S. NSF (1333500,1663244,1553212)}     *
***************************************************************************
                                                                           
